START
PUSHN 7
PUSHS "INTRODUZA UM NUMERO DECIMAL INTEIRO:"
WRITES
WRITELN
READ
ATOI
STOREG 0
PUSHI 2
STOREG 1
l0:
PUSHI 9
PUSHG 1
SUB
STOREL 4
PUSHL 4
PUSHI 1
MUL
STOREL 5
PUSHL 5
PUSHI 0
SUPEQ
STOREL 6
PUSHL 6
JZ l1
PUSHI 0
PUSHG 0
PUSHG 1
PUSHA CONVRT
CALL
POP 2
STOREG 2
PUSHS "BASE "
WRITES
PUSHG 1
WRITEI
PUSHS ": "
WRITES
PUSHG 2
WRITEI
WRITELN
PUSHG 1
PUSHI 1
ADD
STOREG 1
JUMP l0
l1:
STOP
CONVRT:
PUSHN 7
PUSHI 0
STOREL 4
PUSHI 1
STOREL 3
PUSHL -2
STOREL 1
20:
PUSHL 1
PUSHI 0
SUP
STOREL 5
PUSHL 5
JZ l2
PUSHL 1
PUSHL -1
MOD
STOREL 2
PUSHL 2
PUSHL 3
MUL
STOREL 6
PUSHL 4
PUSHL 6
ADD
STOREL 4
PUSHL 1
PUSHL -1
DIV
STOREL 1
PUSHL 3
PUSHI 10
MUL
STOREL 3
JUMP 20
l2:
PUSHL 4
STOREL 0
PUSHL 0
STOREL -3
POP 7
RETURN
