START
PUSHN 6
ALLOC 5
STOREG 0
PUSHG 0
PUSHI 5
PUSHA FILL
CALL
POP 2
PUSHI 1
STOREG 1
l0:
PUSHI 5
PUSHG 1
SUB
STOREL 2
PUSHL 2
PUSHI 1
MUL
STOREL 3
PUSHL 3
PUSHI 0
SUPEQ
STOREL 4
PUSHL 4
JZ l1
PUSHG 0
PUSHG 1
PUSHI 1
SUB
PADD
LOAD 0
STOREL 5
PUSHL 5
WRITEI
WRITELN
PUSHG 1
PUSHI 1
ADD
STOREG 1
JUMP l0
l1:
STOP
FILL:
PUSHN 5
PUSHI 1
STOREL 0
l2:
PUSHL -1
PUSHL 0
SUB
STOREL 1
PUSHL 1
PUSHI 1
MUL
STOREL 2
PUSHL 2
PUSHI 0
SUPEQ
STOREL 3
PUSHL 3
JZ l3
PUSHL 0
PUSHI 10
MUL
STOREL 4
PUSHL -2
PUSHL 0
PUSHI 1
SUB
PADD
PUSHL 4
STORE 0
PUSHL 0
PUSHI 1
ADD
STOREL 0
JUMP l2
l3:
POP 5
RETURN
