START
PUSHN 8
PUSHS "Introduza um numero inteiro positivo:"
WRITES
WRITELN
READ
ATOI
STOREG 0
PUSHI 1
STOREG 2
PUSHI 2
STOREG 1
20:
PUSHG 0
PUSHI 2
DIV
STOREL 3
PUSHG 1
PUSHL 3
INFEQ
STOREL 4
PUSHL 4
PUSHG 2
AND
STOREL 5
PUSHL 5
JZ l0
PUSHG 0
PUSHG 1
MOD
STOREL 6
PUSHL 6
PUSHI 0
EQUAL
STOREL 7
PUSHL 7
JZ l1
PUSHI 0
STOREG 2
l1:
PUSHG 1
PUSHI 1
ADD
STOREG 1
JUMP 20
l0:
PUSHG 2
JZ l2
PUSHG 0
WRITEI
PUSHS " e um numero primo"
WRITES
WRITELN
JUMP l3
l2:
PUSHG 0
WRITEI
PUSHS " nao e um numero primo"
WRITES
WRITELN
l3:
STOP
