START
PUSHN 13
PUSHI 0
STOREG 6
PUSHS "Introduza 5 numeros inteiros:"
WRITES
WRITELN
PUSHI 1
STOREG 5
l0:
PUSHI 5
PUSHG 5
SUB
STOREL 7
PUSHL 7
PUSHI 1
MUL
STOREL 8
PUSHL 8
PUSHI 0
SUPEQ
STOREL 9
PUSHL 9
JZ l1
PUSHGP
PUSHI 0
PADD
PUSHG 5
PADD
READ
ATOI
STORE 0
PUSHGP
PUSHI 0
PADD
PUSHG 5
PADD
LOAD 0
STOREL 10
PUSHG 6
PUSHL 10
ADD
STOREL 11
PUSHL 11
STOREG 6
PUSHG 5
PUSHI 1
ADD
STOREL 12
PUSHL 12
STOREG 5
JUMP l0
l1:
PUSHS "A soma dos numeros e: "
WRITES
PUSHG 6
WRITEI
WRITELN
STOP
