PROGRAM
ID(TEST)
INTEGER
ID(A)
REAL
ID(B)
LOGICAL
ID(C)
CHARACTER
ID(D)
IF
(
ID(A)
)
THEN
ELSE
ENDIF
DO
INTEGER_LIT(10)
ID(A)
=
INTEGER_LIT(1)
,
INTEGER_LIT(2)
LABEL(10)
CONTINUE
GOTO
INTEGER_LIT(10)
READ
*
,
ID(A)
PRINT
*
,
ID(A)
CALL
ID(FOO)
RETURN
END
SUBROUTINE
ID(FOO)
END
INTEGER
FUNCTION
ID(BAR)
(
ID(X)
)
INTEGER
ID(X)
RETURN
END
